{
  "assets": {
    "javascripts/main.js": "javascripts/main-19be31a26b353f37c4a0d6990a85b984.js",
    "stylesheets/style.css": "stylesheets/style-022c56023f5678a76c102686b532dd1c.css"
  },
  "files": {
    "javascripts/main-19be31a26b353f37c4a0d6990a85b984.js": {
      "logical_path": "javascripts/main.js",
      "mtime": "2015-06-04T16:43:40.000Z",
      "size": 84386,
      "digest": "19be31a26b353f37c4a0d6990a85b984"
    },
    "stylesheets/style-022c56023f5678a76c102686b532dd1c.css": {
      "logical_path": "stylesheets/style.css",
      "mtime": "2015-06-04T16:43:40.000Z",
      "size": 153,
      "digest": "022c56023f5678a76c102686b532dd1c"
    }
  }
}